2026-07-20 22:55:29 SkyTools Lua backend carregado em c:/program files (x86)/steam\millennium/plugins\skytools\backend
2026-07-20 22:55:30 browser assets synced: jsWebkit=true, jsSteamUiWebkit=true
2026-07-20 22:55:30 browser modules injected: js=-1, css=-1
2026-07-20 22:56:21 SkyTools browser script loaded: https://store.steampowered.com/app/4704690
2026-07-20 22:56:21 SkyToolsInstalled iniciado
2026-07-20 22:56:21 SkyToolsInstalled fs.list retornou: 72
2026-07-20 22:56:21 SkyToolsInstalled indice retornou: 72
2026-07-20 22:58:37 SkyTools Lua backend carregado em c:/program files (x86)/steam\millennium/plugins\skytools\backend
2026-07-20 22:58:37 browser assets synced: jsWebkit=true, jsSteamUiWebkit=true
2026-07-20 22:58:37 browser modules injected: js=-1, css=-1
2026-07-20 22:59:07 SkyToolsInstalled iniciado
2026-07-20 22:59:07 SkyToolsInstalled fs.list retornou: 72
2026-07-20 22:59:07 SkyToolsInstalled indice retornou: 72
2026-07-20 23:00:38 SkyTools Lua backend carregado em c:/program files (x86)/steam\millennium/plugins\skytools\backend
2026-07-20 23:00:38 browser assets synced: jsWebkit=true, jsSteamUiWebkit=true
2026-07-20 23:00:38 browser modules injected: js=-1, css=-1
2026-07-20 23:03:45 SkyTools Lua backend carregado em c:/program files (x86)/steam\millennium/plugins\skytools\backend
2026-07-20 23:03:45 browser assets synced: jsWebkit=true, jsSteamUiWebkit=true
2026-07-20 23:03:45 browser modules injected: js=-1, css=-1
2026-07-20 23:06:16 SkyTools Lua backend carregado em c:/program files (x86)/steam\millennium/plugins\skytools\backend
2026-07-20 23:06:16 browser assets synced: jsWebkit=true, jsSteamUiWebkit=true
2026-07-20 23:06:16 browser modules injected: js=-1, css=-1
2026-07-20 23:07:16 SkyTools Lua backend carregado em c:/program files (x86)/steam\millennium/plugins\skytools\backend
2026-07-20 23:07:16 browser assets synced: jsWebkit=true, jsSteamUiWebkit=true
2026-07-20 23:07:16 browser modules injected: js=-1, css=-1
2026-07-20 23:14:03 SkyTools Lua backend carregado em c:/program files (x86)/steam\millennium/plugins\skytools\backend
2026-07-20 23:14:03 browser assets synced: jsWebkit=true, jsSteamUiWebkit=true
2026-07-20 23:14:03 browser modules injected: js=-1, css=-1
2026-07-20 23:15:49 SkyTools Lua backend carregado em c:/program files (x86)/steam\millennium/plugins\skytools\backend
2026-07-20 23:15:49 browser assets synced: jsWebkit=true, jsSteamUiWebkit=true
2026-07-20 23:15:49 browser modules injected: js=-1, css=-1
2026-07-20 23:19:59 SkyTools Lua backend carregado em c:/program files (x86)/steam\millennium/plugins\skytools\backend
2026-07-20 23:19:59 browser assets synced: jsWebkit=true, jsSteamUiWebkit=true
2026-07-20 23:19:59 browser modules injected: js=-1, css=-1
2026-07-20 23:22:26 SkyTools Lua backend carregado em c:/program files (x86)/steam\millennium/plugins\skytools\backend
2026-07-20 23:22:26 browser assets synced: jsWebkit=true, jsSteamUiWebkit=true
2026-07-20 23:22:26 browser modules injected: js=-1, css=-1
2026-07-20 23:24:59 SkyTools Lua backend carregado em c:/program files (x86)/steam\millennium/plugins\skytools\backend
2026-07-20 23:24:59 browser assets synced: jsWebkit=true, jsSteamUiWebkit=true
2026-07-20 23:24:59 browser modules injected: js=-1, css=-1
2026-07-20 23:27:35 SkyTools Lua backend carregado em c:/program files (x86)/steam\millennium/plugins\skytools\backend
2026-07-20 23:27:35 browser assets synced: jsWebkit=true, jsSteamUiWebkit=true
2026-07-20 23:27:35 browser modules injected: js=-1, css=-1
2026-07-20 23:30:44 SkyTools Lua backend carregado em c:/program files (x86)/steam\millennium/plugins\skytools\backend
2026-07-20 23:30:45 browser assets synced: jsWebkit=true, jsSteamUiWebkit=true
2026-07-20 23:30:45 browser modules injected: js=-1, css=-1
2026-07-20 23:34:37 SkyTools Lua backend carregado em c:/program files (x86)/steam\millennium/plugins\skytools\backend
2026-07-20 23:34:37 browser assets synced: jsWebkit=true, jsSteamUiWebkit=true
2026-07-20 23:34:37 browser modules injected: js=-1, css=-1
2026-07-20 23:37:42 SkyTools Lua backend carregado em c:/program files (x86)/steam\millennium/plugins\skytools\backend
2026-07-20 23:37:42 browser assets synced: jsWebkit=true, jsSteamUiWebkit=true
2026-07-20 23:37:42 browser modules injected: js=-1, css=-1
2026-07-20 23:38:54 SkyTools Lua backend carregado em c:/program files (x86)/steam\millennium/plugins\skytools\backend
2026-07-20 23:38:54 browser assets synced: jsWebkit=true, jsSteamUiWebkit=true
2026-07-20 23:38:54 browser modules injected: js=-1, css=-1
2026-07-20 23:43:47 SkyToolsInstalled iniciado
2026-07-20 23:43:47 SkyToolsInstalled fs.list retornou: 72
2026-07-20 23:43:47 SkyToolsInstalled indice retornou: 72
2026-07-20 23:47:49 SkyTools Lua backend carregado em c:/program files (x86)/steam\millennium/plugins\skytools\backend
2026-07-20 23:47:49 browser assets synced: jsWebkit=true, jsSteamUiWebkit=true
2026-07-20 23:47:49 browser modules injected: js=-1, css=-1
2026-07-20 23:49:53 SkyTools browser script loaded: https://store.steampowered.com/app/4704690
2026-07-20 23:49:53 SkyToolsInstalled iniciado
2026-07-20 23:49:53 SkyToolsInstalled fs.list retornou: 72
2026-07-20 23:49:53 SkyToolsInstalled indice retornou: 72
2026-07-20 23:49:56 SkyTools installer iniciado para appid=4704690
2026-07-20 23:49:58 SkyToolsInstalled iniciado
2026-07-20 23:49:58 SkyToolsInstalled fs.list retornou: 73
2026-07-20 23:49:58 SkyToolsInstalled indice retornou: 73
2026-07-20 23:50:02 SkyTools browser script loaded: https://store.steampowered.com/app/4704690
2026-07-20 23:50:02 SkyToolsInstalled iniciado
2026-07-20 23:50:02 SkyToolsInstalled usando cache: 73
2026-07-20 23:52:14 SkyTools Lua backend carregado em c:/program files (x86)/steam\millennium/plugins\skytools\backend
2026-07-20 23:52:14 browser assets synced: jsWebkit=true, jsSteamUiWebkit=true
2026-07-20 23:52:14 browser modules injected: js=-1, css=-1
2026-07-20 23:53:00 SkyTools Lua backend carregado em c:/program files (x86)/steam\millennium/plugins\skytools\backend
2026-07-20 23:53:00 browser assets synced: jsWebkit=true, jsSteamUiWebkit=true
2026-07-20 23:53:00 browser modules injected: js=-1, css=-1
2026-07-20 23:54:00 SkyTools Lua backend carregado em c:/program files (x86)/steam\millennium/plugins\skytools\backend
2026-07-20 23:54:01 browser assets synced: jsWebkit=true, jsSteamUiWebkit=true
2026-07-20 23:54:01 browser modules injected: js=-1, css=-1
2026-07-20 23:56:14 SkyTools Lua backend carregado em c:/program files (x86)/steam\millennium/plugins\skytools\backend
2026-07-20 23:56:14 browser assets synced: jsWebkit=true, jsSteamUiWebkit=true
2026-07-20 23:56:14 browser modules injected: js=-1, css=-1
2026-07-20 23:56:32 SkyTools browser script loaded: https://store.steampowered.com/
2026-07-21 00:01:29 SkyTools Lua backend carregado em c:/program files (x86)/steam\millennium/plugins\skytools\backend
2026-07-21 00:01:30 browser assets synced: jsWebkit=true, jsSteamUiWebkit=true
2026-07-21 00:01:30 browser modules injected: js=-1, css=-1
2026-07-21 00:02:37 SkyTools browser script loaded: https://store.steampowered.com/app/1222680
2026-07-21 00:02:37 SkyToolsInstalled iniciado
2026-07-21 00:02:37 SkyToolsInstalled fs.list retornou: 73
2026-07-21 00:02:37 SkyToolsInstalled indice retornou: 73
2026-07-21 00:07:36 SkyTools browser script loaded: https://store.steampowered.com/app/1222680
2026-07-21 00:07:36 SkyToolsInstalled iniciado
2026-07-21 00:07:36 SkyToolsInstalled fs.list retornou: 73
2026-07-21 00:07:36 SkyToolsInstalled indice retornou: 73
